// Jest Snapshot v1, https://goo.gl/fbAQLP

exports[`should render properly 1`] = `
<DocumentFragment>
  <div
    class="chakra-msv88v"
  >
    <label
      class="chakra-checkbox chakra-1tw369l"
      data-part="root"
      data-scope="checkbox"
      for="input-chakra-checkbox-EMPTY_STRING"
      id="root-chakra-checkbox-EMPTY_STRING"
    >
      <input
        aria-invalid="false"
        aria-labelledby="checkbox:EMPTY_STRING:label"
        class="chakra-checkbox__input"
        data-part="input"
        data-scope="checkbox"
        defaultchecked="false"
        id="input-chakra-checkbox-EMPTY_STRING"
        style="border: 0px; height: 1px; margin: -1px; overflow: hidden; padding: 0px; position: absolute; width: 1px; white-space: nowrap; word-wrap: normal;"
        type="checkbox"
      />
      <span
        aria-hidden="true"
        class="chakra-checkbox__control chakra-drpdfl"
        data-part="control"
        data-scope="checkbox"
        id="control-chakra-checkbox-EMPTY_STRING"
      >
        <svg
          class="chakra-1mg6af5"
          style="fill: none; stroke-width: 2; stroke: currentColor; stroke-dasharray: 16;"
          viewBox="0 0 12 10"
        >
          <polyline
            points="1.5 6 4.5 9 10.5 1"
          />
        </svg>
      </span>
      <!---->
    </label>
  </div>
</DocumentFragment>
`;
