// Jest Snapshot v1, https://goo.gl/fbAQLP

exports[`should render properly 1`] = `
<DocumentFragment>
  <div
    class="css-1hzweom"
  >
     hello world, red 
  </div>
  <div
    class="css-bri9l4"
  >
     hello world, green 
  </div>
  <div
    class="css-1y46pxi"
  >
     hello world, yellow 
  </div>
  <div
    class="css-1kx42k1"
  >
     hello world, teal 
  </div>
</DocumentFragment>
`;
