// Jest Snapshot v1, https://goo.gl/fbAQLP

exports[`should render properly 1`] = `
<DocumentFragment>
  <code
    class="chakra-lnsj14"
  >
    hello world
  </code>
  <code
    class="chakra-1ij4qum"
  >
     hello world, red 
  </code>
  <code
    class="chakra-l5fpz0"
  >
     hello world, green 
  </code>
  <code
    class="chakra-1ehvkaa"
  >
     hello world, yellow 
  </code>
  <code
    class="chakra-kugt48"
  >
     hello world, teal 
  </code>
</DocumentFragment>
`;
