// Jest Snapshot v1, https://goo.gl/fbAQLP

exports[`CAvatarBadge renders badge without parameters 1`] = `
<DocumentFragment>
  <span
    class="chakra-avatar chakra-1prtvd5"
  >
    <div
      aria-label="Evan You"
      class="chakra-uo84k3"
      role="img"
    >
      EY
    </div>
    <div
      class="chakra-avatar__badge chakra-173vitc"
    />
  </span>
</DocumentFragment>
`;
